Archive member included to satisfy reference by file (symbol)

c:/program files (x86)/atmel/studio/7.0/toolchain/avr8/avr8-gnu-toolchain/bin/../lib/gcc/avr/5.4.0/avr5\libgcc.a(_exit.o)
                              C:/Program Files (x86)/Atmel/Studio/7.0/Packs/atmel/ATmega_DFP/1.7.374/gcc/dev/atmega32/avr5/crtatmega32.o (exit)
c:/program files (x86)/atmel/studio/7.0/toolchain/avr8/avr8-gnu-toolchain/bin/../lib/gcc/avr/5.4.0/avr5\libgcc.a(_copy_data.o)
                              Application/application.o (__do_copy_data)
c:/program files (x86)/atmel/studio/7.0/toolchain/avr8/avr8-gnu-toolchain/bin/../lib/gcc/avr/5.4.0/avr5\libgcc.a(_clear_bss.o)
                              Application/application.o (__do_clear_bss)

Discarded input sections

 .data          0x00000000        0x0 C:/Program Files (x86)/Atmel/Studio/7.0/Packs/atmel/ATmega_DFP/1.7.374/gcc/dev/atmega32/avr5/crtatmega32.o
 .bss           0x00000000        0x0 C:/Program Files (x86)/Atmel/Studio/7.0/Packs/atmel/ATmega_DFP/1.7.374/gcc/dev/atmega32/avr5/crtatmega32.o
 .text          0x00000000        0x0 Application/application.o
 .data          0x00000000        0x0 Application/application.o
 .bss           0x00000000        0x0 Application/application.o
 .text          0x00000000        0x0 ECUCAL/BUTTON_Driver/button.o
 .data          0x00000000        0x0 ECUCAL/BUTTON_Driver/button.o
 .bss           0x00000000        0x0 ECUCAL/BUTTON_Driver/button.o
 .text.BUTTON_read
                0x00000000        0x6 ECUCAL/BUTTON_Driver/button.o
 .text          0x00000000        0x0 ECUCAL/LED_Driver/led.o
 .data          0x00000000        0x0 ECUCAL/LED_Driver/led.o
 .bss           0x00000000        0x0 ECUCAL/LED_Driver/led.o
 .text.LED_blink
                0x00000000        0xa ECUCAL/LED_Driver/led.o
 .text          0x00000000        0x0 main.o
 .data          0x00000000        0x0 main.o
 .bss           0x00000000        0x0 main.o
 .text          0x00000000        0x0 MCAL/DIO_Driver/dio.o
 .data          0x00000000        0x0 MCAL/DIO_Driver/dio.o
 .bss           0x00000000        0x0 MCAL/DIO_Driver/dio.o
 .text          0x00000000        0x0 MCAL/Interrupt_Library/interrupt.o
 .data          0x00000000        0x0 MCAL/Interrupt_Library/interrupt.o
 .bss           0x00000000        0x0 MCAL/Interrupt_Library/interrupt.o
 .text          0x00000000        0x0 MCAL/TIMER_Driver/timer.o
 .data          0x00000000        0x0 MCAL/TIMER_Driver/timer.o
 .bss           0x00000000        0x0 MCAL/TIMER_Driver/timer.o
 .text          0x00000000        0x0 c:/program files (x86)/atmel/studio/7.0/toolchain/avr8/avr8-gnu-toolchain/bin/../lib/gcc/avr/5.4.0/avr5\libgcc.a(_exit.o)
 .data          0x00000000        0x0 c:/program files (x86)/atmel/studio/7.0/toolchain/avr8/avr8-gnu-toolchain/bin/../lib/gcc/avr/5.4.0/avr5\libgcc.a(_exit.o)
 .bss           0x00000000        0x0 c:/program files (x86)/atmel/studio/7.0/toolchain/avr8/avr8-gnu-toolchain/bin/../lib/gcc/avr/5.4.0/avr5\libgcc.a(_exit.o)
 .text.libgcc.mul
                0x00000000        0x0 c:/program files (x86)/atmel/studio/7.0/toolchain/avr8/avr8-gnu-toolchain/bin/../lib/gcc/avr/5.4.0/avr5\libgcc.a(_exit.o)
 .text.libgcc.div
                0x00000000        0x0 c:/program files (x86)/atmel/studio/7.0/toolchain/avr8/avr8-gnu-toolchain/bin/../lib/gcc/avr/5.4.0/avr5\libgcc.a(_exit.o)
 .text.libgcc   0x00000000        0x0 c:/program files (x86)/atmel/studio/7.0/toolchain/avr8/avr8-gnu-toolchain/bin/../lib/gcc/avr/5.4.0/avr5\libgcc.a(_exit.o)
 .text.libgcc.prologue
                0x00000000        0x0 c:/program files (x86)/atmel/studio/7.0/toolchain/avr8/avr8-gnu-toolchain/bin/../lib/gcc/avr/5.4.0/avr5\libgcc.a(_exit.o)
 .text.libgcc.builtins
                0x00000000        0x0 c:/program files (x86)/atmel/studio/7.0/toolchain/avr8/avr8-gnu-toolchain/bin/../lib/gcc/avr/5.4.0/avr5\libgcc.a(_exit.o)
 .text.libgcc.fmul
                0x00000000        0x0 c:/program files (x86)/atmel/studio/7.0/toolchain/avr8/avr8-gnu-toolchain/bin/../lib/gcc/avr/5.4.0/avr5\libgcc.a(_exit.o)
 .text.libgcc.fixed
                0x00000000        0x0 c:/program files (x86)/atmel/studio/7.0/toolchain/avr8/avr8-gnu-toolchain/bin/../lib/gcc/avr/5.4.0/avr5\libgcc.a(_exit.o)
 .text          0x00000000        0x0 c:/program files (x86)/atmel/studio/7.0/toolchain/avr8/avr8-gnu-toolchain/bin/../lib/gcc/avr/5.4.0/avr5\libgcc.a(_copy_data.o)
 .data          0x00000000        0x0 c:/program files (x86)/atmel/studio/7.0/toolchain/avr8/avr8-gnu-toolchain/bin/../lib/gcc/avr/5.4.0/avr5\libgcc.a(_copy_data.o)
 .bss           0x00000000        0x0 c:/program files (x86)/atmel/studio/7.0/toolchain/avr8/avr8-gnu-toolchain/bin/../lib/gcc/avr/5.4.0/avr5\libgcc.a(_copy_data.o)
 .text.libgcc.mul
                0x00000000        0x0 c:/program files (x86)/atmel/studio/7.0/toolchain/avr8/avr8-gnu-toolchain/bin/../lib/gcc/avr/5.4.0/avr5\libgcc.a(_copy_data.o)
 .text.libgcc.div
                0x00000000        0x0 c:/program files (x86)/atmel/studio/7.0/toolchain/avr8/avr8-gnu-toolchain/bin/../lib/gcc/avr/5.4.0/avr5\libgcc.a(_copy_data.o)
 .text.libgcc   0x00000000        0x0 c:/program files (x86)/atmel/studio/7.0/toolchain/avr8/avr8-gnu-toolchain/bin/../lib/gcc/avr/5.4.0/avr5\libgcc.a(_copy_data.o)
 .text.libgcc.prologue
                0x00000000        0x0 c:/program files (x86)/atmel/studio/7.0/toolchain/avr8/avr8-gnu-toolchain/bin/../lib/gcc/avr/5.4.0/avr5\libgcc.a(_copy_data.o)
 .text.libgcc.builtins
                0x00000000        0x0 c:/program files (x86)/atmel/studio/7.0/toolchain/avr8/avr8-gnu-toolchain/bin/../lib/gcc/avr/5.4.0/avr5\libgcc.a(_copy_data.o)
 .text.libgcc.fmul
                0x00000000        0x0 c:/program files (x86)/atmel/studio/7.0/toolchain/avr8/avr8-gnu-toolchain/bin/../lib/gcc/avr/5.4.0/avr5\libgcc.a(_copy_data.o)
 .text.libgcc.fixed
                0x00000000        0x0 c:/program files (x86)/atmel/studio/7.0/toolchain/avr8/avr8-gnu-toolchain/bin/../lib/gcc/avr/5.4.0/avr5\libgcc.a(_copy_data.o)
 .text          0x00000000        0x0 c:/program files (x86)/atmel/studio/7.0/toolchain/avr8/avr8-gnu-toolchain/bin/../lib/gcc/avr/5.4.0/avr5\libgcc.a(_clear_bss.o)
 .data          0x00000000        0x0 c:/program files (x86)/atmel/studio/7.0/toolchain/avr8/avr8-gnu-toolchain/bin/../lib/gcc/avr/5.4.0/avr5\libgcc.a(_clear_bss.o)
 .bss           0x00000000        0x0 c:/program files (x86)/atmel/studio/7.0/toolchain/avr8/avr8-gnu-toolchain/bin/../lib/gcc/avr/5.4.0/avr5\libgcc.a(_clear_bss.o)
 .text.libgcc.mul
                0x00000000        0x0 c:/program files (x86)/atmel/studio/7.0/toolchain/avr8/avr8-gnu-toolchain/bin/../lib/gcc/avr/5.4.0/avr5\libgcc.a(_clear_bss.o)
 .text.libgcc.div
                0x00000000        0x0 c:/program files (x86)/atmel/studio/7.0/toolchain/avr8/avr8-gnu-toolchain/bin/../lib/gcc/avr/5.4.0/avr5\libgcc.a(_clear_bss.o)
 .text.libgcc   0x00000000        0x0 c:/program files (x86)/atmel/studio/7.0/toolchain/avr8/avr8-gnu-toolchain/bin/../lib/gcc/avr/5.4.0/avr5\libgcc.a(_clear_bss.o)
 .text.libgcc.prologue
                0x00000000        0x0 c:/program files (x86)/atmel/studio/7.0/toolchain/avr8/avr8-gnu-toolchain/bin/../lib/gcc/avr/5.4.0/avr5\libgcc.a(_clear_bss.o)
 .text.libgcc.builtins
                0x00000000        0x0 c:/program files (x86)/atmel/studio/7.0/toolchain/avr8/avr8-gnu-toolchain/bin/../lib/gcc/avr/5.4.0/avr5\libgcc.a(_clear_bss.o)
 .text.libgcc.fmul
                0x00000000        0x0 c:/program files (x86)/atmel/studio/7.0/toolchain/avr8/avr8-gnu-toolchain/bin/../lib/gcc/avr/5.4.0/avr5\libgcc.a(_clear_bss.o)
 .text.libgcc.fixed
                0x00000000        0x0 c:/program files (x86)/atmel/studio/7.0/toolchain/avr8/avr8-gnu-toolchain/bin/../lib/gcc/avr/5.4.0/avr5\libgcc.a(_clear_bss.o)

Memory Configuration

Name             Origin             Length             Attributes
text             0x00000000         0x00008000         xr
data             0x00800060         0x00000800         rw !x
eeprom           0x00810000         0x00000400         rw !x
fuse             0x00820000         0x00000002         rw !x
lock             0x00830000         0x00000400         rw !x
signature        0x00840000         0x00000400         rw !x
user_signatures  0x00850000         0x00000400         rw !x
*default*        0x00000000         0xffffffff

Linker script and memory map

LOAD C:/Program Files (x86)/Atmel/Studio/7.0/Packs/atmel/ATmega_DFP/1.7.374/gcc/dev/atmega32/avr5/crtatmega32.o
LOAD Application/application.o
LOAD ECUCAL/BUTTON_Driver/button.o
LOAD ECUCAL/LED_Driver/led.o
LOAD main.o
LOAD MCAL/DIO_Driver/dio.o
LOAD MCAL/Interrupt_Library/interrupt.o
LOAD MCAL/TIMER_Driver/timer.o
START GROUP
LOAD c:/program files (x86)/atmel/studio/7.0/toolchain/avr8/avr8-gnu-toolchain/bin/../lib/gcc/avr/5.4.0/../../../../avr/lib/avr5\libm.a
END GROUP
START GROUP
LOAD c:/program files (x86)/atmel/studio/7.0/toolchain/avr8/avr8-gnu-toolchain/bin/../lib/gcc/avr/5.4.0/avr5\libgcc.a
LOAD c:/program files (x86)/atmel/studio/7.0/toolchain/avr8/avr8-gnu-toolchain/bin/../lib/gcc/avr/5.4.0/../../../../avr/lib/avr5\libm.a
LOAD c:/program files (x86)/atmel/studio/7.0/toolchain/avr8/avr8-gnu-toolchain/bin/../lib/gcc/avr/5.4.0/../../../../avr/lib/avr5\libc.a
LOAD C:/Program Files (x86)/Atmel/Studio/7.0/Packs/atmel/ATmega_DFP/1.7.374/gcc/dev/atmega32/avr5\libatmega32.a
END GROUP
                0x00000000                __TEXT_REGION_ORIGIN__ = DEFINED (__TEXT_REGION_ORIGIN__)?__TEXT_REGION_ORIGIN__:0x0
                [0x00800060]                __DATA_REGION_ORIGIN__ = DEFINED (__DATA_REGION_ORIGIN__)?__DATA_REGION_ORIGIN__:0x800060
                [0x00008000]                __TEXT_REGION_LENGTH__ = DEFINED (__TEXT_REGION_LENGTH__)?__TEXT_REGION_LENGTH__:0x20000
                [0x00000800]                __DATA_REGION_LENGTH__ = DEFINED (__DATA_REGION_LENGTH__)?__DATA_REGION_LENGTH__:0xffa0
                [0x00000400]                __EEPROM_REGION_LENGTH__ = DEFINED (__EEPROM_REGION_LENGTH__)?__EEPROM_REGION_LENGTH__:0x10000
                [0x00000002]                __FUSE_REGION_LENGTH__ = DEFINED (__FUSE_REGION_LENGTH__)?__FUSE_REGION_LENGTH__:0x400
                0x00000400                __LOCK_REGION_LENGTH__ = DEFINED (__LOCK_REGION_LENGTH__)?__LOCK_REGION_LENGTH__:0x400
                0x00000400                __SIGNATURE_REGION_LENGTH__ = DEFINED (__SIGNATURE_REGION_LENGTH__)?__SIGNATURE_REGION_LENGTH__:0x400
                0x00000400                __USER_SIGNATURE_REGION_LENGTH__ = DEFINED (__USER_SIGNATURE_REGION_LENGTH__)?__USER_SIGNATURE_REGION_LENGTH__:0x400

.hash
 *(.hash)

.dynsym
 *(.dynsym)

.dynstr
 *(.dynstr)

.gnu.version
 *(.gnu.version)

.gnu.version_d
 *(.gnu.version_d)

.gnu.version_r
 *(.gnu.version_r)

.rel.init
 *(.rel.init)

.rela.init
 *(.rela.init)

.rel.text
 *(.rel.text)
 *(.rel.text.*)
 *(.rel.gnu.linkonce.t*)

.rela.text
 *(.rela.text)
 *(.rela.text.*)
 *(.rela.gnu.linkonce.t*)

.rel.fini
 *(.rel.fini)

.rela.fini
 *(.rela.fini)

.rel.rodata
 *(.rel.rodata)
 *(.rel.rodata.*)
 *(.rel.gnu.linkonce.r*)

.rela.rodata
 *(.rela.rodata)
 *(.rela.rodata.*)
 *(.rela.gnu.linkonce.r*)

.rel.data
 *(.rel.data)
 *(.rel.data.*)
 *(.rel.gnu.linkonce.d*)

.rela.data
 *(.rela.data)
 *(.rela.data.*)
 *(.rela.gnu.linkonce.d*)

.rel.ctors
 *(.rel.ctors)

.rela.ctors
 *(.rela.ctors)

.rel.dtors
 *(.rel.dtors)

.rela.dtors
 *(.rela.dtors)

.rel.got
 *(.rel.got)

.rela.got
 *(.rela.got)

.rel.bss
 *(.rel.bss)

.rela.bss
 *(.rela.bss)

.rel.plt
 *(.rel.plt)

.rela.plt
 *(.rela.plt)

.text           0x00000000      0xa1e
 *(.vectors)
 .vectors       0x00000000       0x54 C:/Program Files (x86)/Atmel/Studio/7.0/Packs/atmel/ATmega_DFP/1.7.374/gcc/dev/atmega32/avr5/crtatmega32.o
                0x00000000                __vector_default
                0x00000000                __vectors
 *(.vectors)
 *(.progmem.gcc*)
                0x00000054                . = ALIGN (0x2)
                0x00000054                __trampolines_start = .
 *(.trampolines)
 .trampolines   0x00000054        0x0 linker stubs
 *(.trampolines*)
                0x00000054                __trampolines_end = .
 *libprintf_flt.a:*(.progmem.data)
 *libc.a:*(.progmem.data)
 *(.progmem*)
                0x00000054                . = ALIGN (0x2)
 *(.jumptables)
 *(.jumptables*)
 *(.lowtext)
 *(.lowtext*)
                0x00000054                __ctors_start = .
 *(.ctors)
                0x00000054                __ctors_end = .
                0x00000054                __dtors_start = .
 *(.dtors)
                0x00000054                __dtors_end = .
 SORT(*)(.ctors)
 SORT(*)(.dtors)
 *(.init0)
 .init0         0x00000054        0x0 C:/Program Files (x86)/Atmel/Studio/7.0/Packs/atmel/ATmega_DFP/1.7.374/gcc/dev/atmega32/avr5/crtatmega32.o
                0x00000054                __init
 *(.init0)
 *(.init1)
 *(.init1)
 *(.init2)
 .init2         0x00000054        0xc C:/Program Files (x86)/Atmel/Studio/7.0/Packs/atmel/ATmega_DFP/1.7.374/gcc/dev/atmega32/avr5/crtatmega32.o
 *(.init2)
 *(.init3)
 *(.init3)
 *(.init4)
 .init4         0x00000060       0x16 c:/program files (x86)/atmel/studio/7.0/toolchain/avr8/avr8-gnu-toolchain/bin/../lib/gcc/avr/5.4.0/avr5\libgcc.a(_copy_data.o)
                0x00000060                __do_copy_data
 .init4         0x00000076       0x10 c:/program files (x86)/atmel/studio/7.0/toolchain/avr8/avr8-gnu-toolchain/bin/../lib/gcc/avr/5.4.0/avr5\libgcc.a(_clear_bss.o)
                0x00000076                __do_clear_bss
 *(.init4)
 *(.init5)
 *(.init5)
 *(.init6)
 *(.init6)
 *(.init7)
 *(.init7)
 *(.init8)
 *(.init8)
 *(.init9)
 .init9         0x00000086        0x8 C:/Program Files (x86)/Atmel/Studio/7.0/Packs/atmel/ATmega_DFP/1.7.374/gcc/dev/atmega32/avr5/crtatmega32.o
 *(.init9)
 *(.text)
 .text          0x0000008e        0x4 C:/Program Files (x86)/Atmel/Studio/7.0/Packs/atmel/ATmega_DFP/1.7.374/gcc/dev/atmega32/avr5/crtatmega32.o
                0x0000008e                __vector_12
                0x0000008e                __bad_interrupt
                0x0000008e                __vector_6
                0x0000008e                __vector_3
                0x0000008e                __vector_11
                0x0000008e                __vector_13
                0x0000008e                __vector_17
                0x0000008e                __vector_19
                0x0000008e                __vector_7
                0x0000008e                __vector_5
                0x0000008e                __vector_4
                0x0000008e                __vector_9
                0x0000008e                __vector_2
                0x0000008e                __vector_15
                0x0000008e                __vector_8
                0x0000008e                __vector_14
                0x0000008e                __vector_16
                0x0000008e                __vector_18
                0x0000008e                __vector_20
                0x00000092                . = ALIGN (0x2)
 *(.text.*)
 .text.App_init
                0x00000092       0x4e Application/application.o
                0x00000092                App_init
 .text.App_start
                0x000000e0      0x160 Application/application.o
                0x000000e0                App_start
 .text.__vector_1
                0x00000240       0x8a Application/application.o
                0x00000240                __vector_1
 .text.__vector_10
                0x000002ca       0xa6 Application/application.o
                0x000002ca                __vector_10
 .text.BUTTON_init
                0x00000370        0x8 ECUCAL/BUTTON_Driver/button.o
                0x00000370                BUTTON_init
 .text.BUTTON_INT_init
                0x00000378        0xc ECUCAL/BUTTON_Driver/button.o
                0x00000378                BUTTON_INT_init
 .text.LED_init
                0x00000384        0x8 ECUCAL/LED_Driver/led.o
                0x00000384                LED_init
 .text.LED_on   0x0000038c        0x8 ECUCAL/LED_Driver/led.o
                0x0000038c                LED_on
 .text.LED_off  0x00000394        0x8 ECUCAL/LED_Driver/led.o
                0x00000394                LED_off
 .text.LED_toggle
                0x0000039c       0x44 ECUCAL/LED_Driver/led.o
                0x0000039c                LED_toggle
 .text.LED_TIMER_init
                0x000003e0        0xa ECUCAL/LED_Driver/led.o
                0x000003e0                LED_TIMER_init
 .text.LED_TIMER_start
                0x000003ea       0x18 ECUCAL/LED_Driver/led.o
                0x000003ea                LED_TIMER_start
 .text.LED_TIMER_stop
                0x00000402        0x8 ECUCAL/LED_Driver/led.o
                0x00000402                LED_TIMER_stop
 .text.LED_TIMER_delay
                0x0000040a       0x26 ECUCAL/LED_Driver/led.o
                0x0000040a                LED_TIMER_delay
 .text.LED_TIMER_INT_init
                0x00000430        0xc ECUCAL/LED_Driver/led.o
                0x00000430                LED_TIMER_INT_init
 .text.main     0x0000043c        0xa main.o
                0x0000043c                main
 .text.DIO_init
                0x00000446       0xf4 MCAL/DIO_Driver/dio.o
                0x00000446                DIO_init
 .text.DIO_write
                0x0000053a       0xf4 MCAL/DIO_Driver/dio.o
                0x0000053a                DIO_write
 .text.DIO_read
                0x0000062e       0xc8 MCAL/DIO_Driver/dio.o
                0x0000062e                DIO_read
 .text.EXT_INT_init
                0x000006f6       0x38 MCAL/Interrupt_Library/interrupt.o
                0x000006f6                EXT_INT_init
 .text.INT_init
                0x0000072e        0x4 MCAL/Interrupt_Library/interrupt.o
                0x0000072e                INT_init
 .text.TIMER_INT_init
                0x00000732       0x2a MCAL/Interrupt_Library/interrupt.o
                0x00000732                TIMER_INT_init
 .text.TIMER_init
                0x0000075c       0xd8 MCAL/TIMER_Driver/timer.o
                0x0000075c                TIMER_init
 .text.TIMER_stop
                0x00000834       0x1a MCAL/TIMER_Driver/timer.o
                0x00000834                TIMER_stop
 .text.TIMER_start
                0x0000084e      0x15e MCAL/TIMER_Driver/timer.o
                0x0000084e                TIMER_start
 .text.TIMER_set_value
                0x000009ac       0x1a MCAL/TIMER_Driver/timer.o
                0x000009ac                TIMER_set_value
 .text.TIMER_delay
                0x000009c6       0x54 MCAL/TIMER_Driver/timer.o
                0x000009c6                TIMER_delay
                0x00000a1a                . = ALIGN (0x2)
 *(.fini9)
 .fini9         0x00000a1a        0x0 c:/program files (x86)/atmel/studio/7.0/toolchain/avr8/avr8-gnu-toolchain/bin/../lib/gcc/avr/5.4.0/avr5\libgcc.a(_exit.o)
                0x00000a1a                _exit
                0x00000a1a                exit
 *(.fini9)
 *(.fini8)
 *(.fini8)
 *(.fini7)
 *(.fini7)
 *(.fini6)
 *(.fini6)
 *(.fini5)
 *(.fini5)
 *(.fini4)
 *(.fini4)
 *(.fini3)
 *(.fini3)
 *(.fini2)
 *(.fini2)
 *(.fini1)
 *(.fini1)
 *(.fini0)
 .fini0         0x00000a1a        0x4 c:/program files (x86)/atmel/studio/7.0/toolchain/avr8/avr8-gnu-toolchain/bin/../lib/gcc/avr/5.4.0/avr5\libgcc.a(_exit.o)
 *(.fini0)
                0x00000a1e                _etext = .

.data           0x00800060        0x2 load address 0x00000a1e
                0x00800060                PROVIDE (__data_start, .)
 *(.data)
 *(.data*)
 .data.led_number
                0x00800060        0x1 Application/application.o
                0x00800060                led_number
 *(.gnu.linkonce.d*)
 *(.rodata)
 *(.rodata*)
 *(.gnu.linkonce.r*)
                0x00800062                . = ALIGN (0x2)
 *fill*         0x00800061        0x1 
                0x00800062                _edata = .
                0x00800062                PROVIDE (__data_end, .)

.bss            0x00800062        0x4
                0x00800062                PROVIDE (__bss_start, .)
 *(.bss)
 *(.bss*)
 .bss.flag      0x00800062        0x1 Application/application.o
                0x00800062                flag
 .bss.mode      0x00800063        0x1 Application/application.o
                0x00800063                mode
 .bss.overflowCounter
                0x00800064        0x2 Application/application.o
                0x00800064                overflowCounter
 *(COMMON)
                0x00800066                PROVIDE (__bss_end, .)
                0x00000a1e                __data_load_start = LOADADDR (.data)
                0x00000a20                __data_load_end = (__data_load_start + SIZEOF (.data))

.noinit         0x00800066        0x0
                [!provide]                PROVIDE (__noinit_start, .)
 *(.noinit*)
                [!provide]                PROVIDE (__noinit_end, .)
                0x00800066                _end = .
                [!provide]                PROVIDE (__heap_start, .)

.eeprom         0x00810000        0x0
 *(.eeprom*)
                0x00810000                __eeprom_end = .

.fuse
 *(.fuse)
 *(.lfuse)
 *(.hfuse)
 *(.efuse)

.lock
 *(.lock*)

.signature
 *(.signature*)

.user_signatures
 *(.user_signatures*)

.stab
 *(.stab)

.stabstr
 *(.stabstr)

.stab.excl
 *(.stab.excl)

.stab.exclstr
 *(.stab.exclstr)

.stab.index
 *(.stab.index)

.stab.indexstr
 *(.stab.indexstr)

.comment        0x00000000       0x30
 *(.comment)
 .comment       0x00000000       0x30 Application/application.o
                                 0x31 (size before relaxing)
 .comment       0x00000030       0x31 ECUCAL/BUTTON_Driver/button.o
 .comment       0x00000030       0x31 ECUCAL/LED_Driver/led.o
 .comment       0x00000030       0x31 main.o
 .comment       0x00000030       0x31 MCAL/DIO_Driver/dio.o
 .comment       0x00000030       0x31 MCAL/Interrupt_Library/interrupt.o
 .comment       0x00000030       0x31 MCAL/TIMER_Driver/timer.o

.note.gnu.avr.deviceinfo
                0x00000000       0x3c
 .note.gnu.avr.deviceinfo
                0x00000000       0x3c C:/Program Files (x86)/Atmel/Studio/7.0/Packs/atmel/ATmega_DFP/1.7.374/gcc/dev/atmega32/avr5/crtatmega32.o

.note.gnu.build-id
 *(.note.gnu.build-id)

.debug
 *(.debug)

.line
 *(.line)

.debug_srcinfo
 *(.debug_srcinfo)

.debug_sfnames
 *(.debug_sfnames)

.debug_aranges  0x00000000      0x190
 *(.debug_aranges)
 .debug_aranges
                0x00000000       0x38 Application/application.o
 .debug_aranges
                0x00000038       0x30 ECUCAL/BUTTON_Driver/button.o
 .debug_aranges
                0x00000068       0x68 ECUCAL/LED_Driver/led.o
 .debug_aranges
                0x000000d0       0x20 main.o
 .debug_aranges
                0x000000f0       0x30 MCAL/DIO_Driver/dio.o
 .debug_aranges
                0x00000120       0x30 MCAL/Interrupt_Library/interrupt.o
 .debug_aranges
                0x00000150       0x40 MCAL/TIMER_Driver/timer.o

.debug_pubnames
 *(.debug_pubnames)

.debug_info     0x00000000     0x1439
 *(.debug_info .gnu.linkonce.wi.*)
 .debug_info    0x00000000      0x4e6 C:/Program Files (x86)/Atmel/Studio/7.0/Packs/atmel/ATmega_DFP/1.7.374/gcc/dev/atmega32/avr5/crtatmega32.o
 .debug_info    0x000004e6      0x5bd Application/application.o
 .debug_info    0x00000aa3      0x19b ECUCAL/BUTTON_Driver/button.o
 .debug_info    0x00000c3e      0x42b ECUCAL/LED_Driver/led.o
 .debug_info    0x00001069       0x92 main.o
 .debug_info    0x000010fb      0x121 MCAL/DIO_Driver/dio.o
 .debug_info    0x0000121c       0xb0 MCAL/Interrupt_Library/interrupt.o
 .debug_info    0x000012cc      0x16d MCAL/TIMER_Driver/timer.o

.debug_abbrev   0x00000000      0x8a4
 *(.debug_abbrev)
 .debug_abbrev  0x00000000      0x4a3 C:/Program Files (x86)/Atmel/Studio/7.0/Packs/atmel/ATmega_DFP/1.7.374/gcc/dev/atmega32/avr5/crtatmega32.o
 .debug_abbrev  0x000004a3       0xb4 Application/application.o
 .debug_abbrev  0x00000557       0xa1 ECUCAL/BUTTON_Driver/button.o
 .debug_abbrev  0x000005f8       0xc1 ECUCAL/LED_Driver/led.o
 .debug_abbrev  0x000006b9       0x68 main.o
 .debug_abbrev  0x00000721       0x6f MCAL/DIO_Driver/dio.o
 .debug_abbrev  0x00000790       0x87 MCAL/Interrupt_Library/interrupt.o
 .debug_abbrev  0x00000817       0x8d MCAL/TIMER_Driver/timer.o

.debug_line     0x00000000      0xe2a
 *(.debug_line .debug_line.* .debug_line_end)
 .debug_line    0x00000000      0x116 C:/Program Files (x86)/Atmel/Studio/7.0/Packs/atmel/ATmega_DFP/1.7.374/gcc/dev/atmega32/avr5/crtatmega32.o
 .debug_line    0x00000116      0x307 Application/application.o
 .debug_line    0x0000041d      0x134 ECUCAL/BUTTON_Driver/button.o
 .debug_line    0x00000551      0x236 ECUCAL/LED_Driver/led.o
 .debug_line    0x00000787       0x6b main.o
 .debug_line    0x000007f2      0x192 MCAL/DIO_Driver/dio.o
 .debug_line    0x00000984      0x10c MCAL/Interrupt_Library/interrupt.o
 .debug_line    0x00000a90      0x39a MCAL/TIMER_Driver/timer.o

.debug_frame    0x00000000      0x308
 *(.debug_frame)
 .debug_frame   0x00000000       0xe4 Application/application.o
 .debug_frame   0x000000e4       0x44 ECUCAL/BUTTON_Driver/button.o
 .debug_frame   0x00000128       0xd0 ECUCAL/LED_Driver/led.o
 .debug_frame   0x000001f8       0x24 main.o
 .debug_frame   0x0000021c       0x44 MCAL/DIO_Driver/dio.o
 .debug_frame   0x00000260       0x44 MCAL/Interrupt_Library/interrupt.o
 .debug_frame   0x000002a4       0x64 MCAL/TIMER_Driver/timer.o

.debug_str      0x00000000      0x51d
 *(.debug_str)
 .debug_str     0x00000000      0x196 C:/Program Files (x86)/Atmel/Studio/7.0/Packs/atmel/ATmega_DFP/1.7.374/gcc/dev/atmega32/avr5/crtatmega32.o
 .debug_str     0x00000196      0x1fc Application/application.o
                                0x209 (size before relaxing)
 .debug_str     0x00000392       0x61 ECUCAL/BUTTON_Driver/button.o
                                0x190 (size before relaxing)
 .debug_str     0x000003f3       0x57 ECUCAL/LED_Driver/led.o
                                0x227 (size before relaxing)
 .debug_str     0x0000044a       0x11 main.o
                                0x120 (size before relaxing)
 .debug_str     0x0000045b       0x38 MCAL/DIO_Driver/dio.o
                                0x15e (size before relaxing)
 .debug_str     0x00000493       0x3c MCAL/Interrupt_Library/interrupt.o
                                0x165 (size before relaxing)
 .debug_str     0x000004cf       0x4e MCAL/TIMER_Driver/timer.o
                                0x1ac (size before relaxing)

.debug_loc      0x00000000      0x9e3
 *(.debug_loc)
 .debug_loc     0x00000000      0x196 Application/application.o
 .debug_loc     0x00000196       0xec ECUCAL/BUTTON_Driver/button.o
 .debug_loc     0x00000282      0x1c2 ECUCAL/LED_Driver/led.o
 .debug_loc     0x00000444      0x20c MCAL/DIO_Driver/dio.o
 .debug_loc     0x00000650       0xa6 MCAL/Interrupt_Library/interrupt.o
 .debug_loc     0x000006f6      0x2ed MCAL/TIMER_Driver/timer.o

.debug_macinfo
 *(.debug_macinfo)

.debug_weaknames
 *(.debug_weaknames)

.debug_funcnames
 *(.debug_funcnames)

.debug_typenames
 *(.debug_typenames)

.debug_varnames
 *(.debug_varnames)

.debug_pubtypes
 *(.debug_pubtypes)

.debug_ranges   0x00000000      0x120
 *(.debug_ranges)
 .debug_ranges  0x00000000       0x28 Application/application.o
 .debug_ranges  0x00000028       0x20 ECUCAL/BUTTON_Driver/button.o
 .debug_ranges  0x00000048       0x58 ECUCAL/LED_Driver/led.o
 .debug_ranges  0x000000a0       0x10 main.o
 .debug_ranges  0x000000b0       0x20 MCAL/DIO_Driver/dio.o
 .debug_ranges  0x000000d0       0x20 MCAL/Interrupt_Library/interrupt.o
 .debug_ranges  0x000000f0       0x30 MCAL/TIMER_Driver/timer.o

.debug_macro
 *(.debug_macro)
OUTPUT(Project_2.elf elf32-avr)
LOAD linker stubs
